[2021-03-04 17:58:12]cl_getDriver.py(27): /Users/tabakazu/workPlace/getRakutenData/driver/mac/chromedriver
[2021-03-04 18:05:48]cl_getDriver.py(28): /Users/tabakazu/workPlace/getRakutenData/driver/mac/chromedriver
[2021-03-04 18:08:27]cl_getDriver.py(28): /Users/tabakazu/workPlace/getRakutenData/driver/mac/chromedriver
[2021-03-04 18:12:30]cl_getDriver.py(28): /Users/tabakazu/workPlace/getRakutenData/driver/mac/chromedriver
[2021-03-04 18:15:10]cl_getDriver.py(28): /Users/tabakazu/workPlace/getRakutenData/driver/mac/chromedriver
[2021-03-04 18:25:05]cl_getDriver.py(28): /Users/tabakazu/workPlace/getRakutenData/driver/mac/chromedriver
[2021-03-04 18:25:26]cl_getDriver.py(63): //input[@id='loginInner_u']
[2021-03-04 18:27:00]cl_getDriver.py(28): /Users/tabakazu/workPlace/getRakutenData/driver/mac/chromedriver
[2021-03-04 18:27:22]cl_getDriver.py(63): //input[@id='loginInner_u']
[2021-03-04 18:30:15]cl_getDriver.py(28): /Users/tabakazu/workPlace/getRakutenData/driver/mac/chromedriver
[2021-03-04 18:30:36]cl_getDriver.py(63): //div[@id='loginInner']/table[@class='loginBox']/tbody/tr[1]/td[@class='loginBoxValue']/input[@id='loginInner_u']
[2021-03-04 18:35:29]cl_getDriver.py(28): /Users/tabakazu/workPlace/getRakutenData/driver/mac/chromedriver
[2021-03-04 18:35:50]cl_getDriver.py(63): ["//input[@id='loginInner_u']"]
[2021-03-04 18:35:50]cl_getDriver.py(66): 1
[2021-03-04 18:35:51]cl_getDriver.py(63): ["//td[@class='loginBoxValue']/input[@id='loginInner_p']"]
[2021-03-04 18:35:51]cl_getDriver.py(66): 1
[2021-03-04 18:46:31]cl_getDriver.py(28): /Users/tabakazu/workPlace/getRakutenData/driver/mac/chromedriver
[2021-03-04 18:46:53]cl_getDriver.py(61): send key->//input[@id='loginInner_u']
[2021-03-04 18:48:20]cl_getDriver.py(28): /Users/tabakazu/workPlace/getRakutenData/driver/mac/chromedriver
[2021-03-04 18:48:42]cl_getDriver.py(61): send key->//input[@id='loginInner_u']
[2021-03-04 18:48:42]cl_getDriver.py(61): send key->//td[@class='loginBoxValue']/input[@id='loginInner_p']
[2021-03-04 18:52:45]cl_getDriver.py(28): /Users/tabakazu/workPlace/getRakutenData/driver/mac/chromedriver
[2021-03-04 18:53:12]cl_getDriver.py(61): send key->//input[@id='loginInner_u']
[2021-03-04 18:53:13]cl_getDriver.py(61): send key->//td[@class='loginBoxValue']/input[@id='loginInner_p']
[2021-03-04 18:53:25]cl_getDriver.py(61): send key->//input[@class='input-text--37z4R'][id='common-header-search-input']
[2021-03-04 18:53:35]cl_getDriver.py(64): selected xpath//input[@class='input-text--37z4R'][id='common-header-search-input'] is none
[2021-03-04 18:54:23]cl_getDriver.py(28): /Users/tabakazu/workPlace/getRakutenData/driver/mac/chromedriver
[2021-03-04 18:54:45]cl_getDriver.py(61): send key->//input[@id='loginInner_u']
[2021-03-04 18:54:46]cl_getDriver.py(61): send key->//td[@class='loginBoxValue']/input[@id='loginInner_p']
[2021-03-04 18:54:58]cl_getDriver.py(61): send key->//input[id='common-header-search-input']
[2021-03-04 18:55:08]cl_getDriver.py(64): selected xpath//input[id='common-header-search-input'] is none
[2021-03-04 18:56:48]cl_getDriver.py(28): /Users/tabakazu/workPlace/getRakutenData/driver/mac/chromedriver
[2021-03-04 18:57:09]cl_getDriver.py(61): send key->//input[@id='loginInner_u']
[2021-03-04 18:57:10]cl_getDriver.py(61): send key->//td[@class='loginBoxValue']/input[@id='loginInner_p']
[2021-03-04 18:57:22]cl_getDriver.py(61): send key->//*[@id="common-header-search-input"]
[2021-03-04 19:03:29]cl_getDriver.py(28): /Users/tabakazu/workPlace/getRakutenData/driver/mac/chromedriver
[2021-03-04 19:03:53]cl_getDriver.py(61): send key->//input[@id='loginInner_u']
[2021-03-04 19:03:53]cl_getDriver.py(61): send key->//td[@class='loginBoxValue']/input[@id='loginInner_p']
[2021-03-04 19:04:05]cl_getDriver.py(61): send key->//*[@id="common-header-search-input"]
[2021-03-04 19:05:49]cl_getDriver.py(28): /Users/tabakazu/workPlace/getRakutenData/driver/mac/chromedriver
[2021-03-04 19:06:13]cl_getDriver.py(61): send key->//input[@id='loginInner_u']
[2021-03-04 19:06:13]cl_getDriver.py(61): send key->//td[@class='loginBoxValue']/input[@id='loginInner_p']
[2021-03-04 19:06:26]cl_getDriver.py(61): send key->//*[@id="common-header-search-input"]
[2021-03-04 21:36:55]cl_getDriver.py(28): /Users/tabakazu/workPlace/getRakutenData/driver/mac/chromedriver
[2021-03-04 21:37:17]cl_getDriver.py(61): send key->//input[@id='loginInner_u']
[2021-03-04 21:37:18]cl_getDriver.py(61): send key->//td[@class='loginBoxValue']/input[@id='loginInner_p']
[2021-03-04 21:37:29]cl_getDriver.py(61): send key->//*[@id="common-header-search-input"]
[2021-03-04 22:45:25]cl_getDriver.py(28): /Users/tabakazu/workPlace/getRakutenData/driver/mac/chromedriver
[2021-03-04 22:45:46]cl_getDriver.py(50): //li[@class='section--1itbn'][2]/button[@class='button--laCfj type-primary--2_qVU size-xs--2sO5U size-xs-padding--SsiSC border-radius--3mPQW']/span[@class='text--1zvJD text-no-margin-right--3_FQT']->click_Success
[2021-03-04 22:45:46]cl_getDriver.py(62): send key->//input[@id='loginInner_u']
[2021-03-04 22:45:46]cl_getDriver.py(62): send key->//td[@class='loginBoxValue']/input[@id='loginInner_p']
[2021-03-04 22:45:57]cl_getDriver.py(50): //div[@id='loginInner']/p[1]/input[@class='loginButton']->click_Success
[2021-03-04 22:45:57]cl_getDriver.py(62): send key->//*[@id="common-header-search-input"]
[2021-03-04 22:46:17]cl_getDriver.py(50): //div[@class="icon--2sY_j common-search--15EUB"]->click_Success
[2021-03-04 22:46:39]cl_getDriver.py(50): //form[@class='dui-form']/div[@class=' groupedfields']/div[@class='dui-list field'][1]/label[@class='item']/input->click_Success
[2021-03-05 05:13:33]cl_getDriver.py(28): /Users/tabakazu/workPlace/getRakutenData/driver/mac/chromedriver
[2021-03-05 05:13:55]cl_getDriver.py(50): //li[@class='section--1itbn'][2]/button[@class='button--laCfj type-primary--2_qVU size-xs--2sO5U size-xs-padding--SsiSC border-radius--3mPQW']/span[@class='text--1zvJD text-no-margin-right--3_FQT']->click_Success
[2021-03-05 05:13:55]cl_getDriver.py(62): send key->//input[@id='loginInner_u']
[2021-03-05 05:13:56]cl_getDriver.py(62): send key->//td[@class='loginBoxValue']/input[@id='loginInner_p']
[2021-03-05 05:14:32]cl_getDriver.py(50): //div[@id='loginInner']/p[1]/input[@class='loginButton']->click_Success
[2021-03-05 05:14:32]cl_getDriver.py(62): send key->//*[@id="common-header-search-input"]
[2021-03-05 05:14:52]cl_getDriver.py(50): //div[@class="icon--2sY_j common-search--15EUB"]->click_Success
[2021-03-05 05:15:14]cl_getDriver.py(50): //form[@class='dui-form']/div[@class=' groupedfields']/div[@class='dui-list field'][1]/label[@class='item']/input->click_Success
[2021-03-05 05:16:16]cl_getDriver.py(28): /Users/tabakazu/workPlace/getRakutenData/driver/mac/chromedriver
[2021-03-05 05:16:35]cl_getDriver.py(50): //li[@class='section--1itbn'][2]/button[@class='button--laCfj type-primary--2_qVU size-xs--2sO5U size-xs-padding--SsiSC border-radius--3mPQW']/span[@class='text--1zvJD text-no-margin-right--3_FQT']->click_Success
[2021-03-05 05:16:35]cl_getDriver.py(62): send key->//input[@id='loginInner_u']
[2021-03-05 05:16:35]cl_getDriver.py(62): send key->//td[@class='loginBoxValue']/input[@id='loginInner_p']
[2021-03-05 05:16:47]cl_getDriver.py(50): //div[@id='loginInner']/p[1]/input[@class='loginButton']->click_Success
[2021-03-05 05:16:47]cl_getDriver.py(62): send key->//*[@id="common-header-search-input"]
[2021-03-05 05:17:07]cl_getDriver.py(50): //div[@class="icon--2sY_j common-search--15EUB"]->click_Success
[2021-03-05 05:17:29]cl_getDriver.py(50): //form[@class='dui-form']/div[@class=' groupedfields']/div[@class='dui-list field'][1]/label[@class='item']/input->click_Success
[2021-03-05 05:18:16]cl_getDriver.py(28): /Users/tabakazu/workPlace/getRakutenData/driver/mac/chromedriver
[2021-03-05 05:18:41]cl_getDriver.py(50): //li[@class='section--1itbn'][2]/button[@class='button--laCfj type-primary--2_qVU size-xs--2sO5U size-xs-padding--SsiSC border-radius--3mPQW']/span[@class='text--1zvJD text-no-margin-right--3_FQT']->click_Success
[2021-03-05 05:18:41]cl_getDriver.py(62): send key->//input[@id='loginInner_u']
[2021-03-05 05:18:41]cl_getDriver.py(62): send key->//td[@class='loginBoxValue']/input[@id='loginInner_p']
[2021-03-05 05:18:52]cl_getDriver.py(50): //div[@id='loginInner']/p[1]/input[@class='loginButton']->click_Success
[2021-03-05 05:18:52]cl_getDriver.py(62): send key->//*[@id="common-header-search-input"]
[2021-03-05 05:19:13]cl_getDriver.py(50): //div[@class="icon--2sY_j common-search--15EUB"]->click_Success
[2021-03-05 05:19:36]cl_getDriver.py(50): //form[@class='dui-form']/div[@class=' groupedfields']/div[@class='dui-list field'][1]/label[@class='item']/input->click_Success
[2021-03-05 05:39:06]cl_getDriver.py(28): /Users/tabakazu/workPlace/getRakutenData/driver/mac/chromedriver
[2021-03-05 05:39:25]cl_getDriver.py(50): //li[@class='section--1itbn'][2]/button[@class='button--laCfj type-primary--2_qVU size-xs--2sO5U size-xs-padding--SsiSC border-radius--3mPQW']/span[@class='text--1zvJD text-no-margin-right--3_FQT']->click_Success
[2021-03-05 05:39:25]cl_getDriver.py(62): send key->//input[@id='loginInner_u']
[2021-03-05 05:39:25]cl_getDriver.py(62): send key->//td[@class='loginBoxValue']/input[@id='loginInner_p']
[2021-03-05 05:39:37]cl_getDriver.py(50): //div[@id='loginInner']/p[1]/input[@class='loginButton']->click_Success
[2021-03-05 05:39:37]cl_getDriver.py(62): send key->//*[@id="common-header-search-input"]
[2021-03-05 05:39:57]cl_getDriver.py(50): //div[@class="icon--2sY_j common-search--15EUB"]->click_Success
[2021-03-05 05:40:19]cl_getDriver.py(50): //form[@class='dui-form']/div[@class=' groupedfields']/div[@class='dui-list field'][1]/label[@class='item']/input->click_Success
[2021-03-06 11:48:16]cl_getDriver.py(58): //li[@class='section--1itbn'][2]/button[@class='button--laCfj type-primary--2_qVU size-xs--2sO5U size-xs-padding--SsiSC border-radius--3mPQW']/span[@class='text--1zvJD text-no-margin-right--3_FQT']->click_Success
[2021-03-06 11:48:16]cl_getDriver.py(70): send key->//input[@id='loginInner_u']
[2021-03-06 11:48:17]cl_getDriver.py(70): send key->//td[@class='loginBoxValue']/input[@id='loginInner_p']
[2021-03-06 11:48:28]cl_getDriver.py(58): //div[@id='loginInner']/p[1]/input[@class='loginButton']->click_Success
[2021-03-06 11:48:28]cl_getDriver.py(70): send key->//*[@id="common-header-search-input"]
[2021-03-06 11:48:48]cl_getDriver.py(58): //div[@class="icon--2sY_j common-search--15EUB"]->click_Success
[2021-03-06 11:49:10]cl_getDriver.py(58): //form[@class='dui-form']/div[@class=' groupedfields']/div[@class='dui-list field'][1]/label[@class='item']/input->click_Success
[2021-03-06 11:50:50]cl_getDriver.py(58): //li[@class='section--1itbn'][2]/button[@class='button--laCfj type-primary--2_qVU size-xs--2sO5U size-xs-padding--SsiSC border-radius--3mPQW']/span[@class='text--1zvJD text-no-margin-right--3_FQT']->click_Success
[2021-03-06 11:50:50]cl_getDriver.py(70): send key->//input[@id='loginInner_u']
[2021-03-06 11:50:51]cl_getDriver.py(70): send key->//td[@class='loginBoxValue']/input[@id='loginInner_p']
[2021-03-06 11:51:02]cl_getDriver.py(58): //div[@id='loginInner']/p[1]/input[@class='loginButton']->click_Success
[2021-03-06 11:51:02]cl_getDriver.py(70): send key->//*[@id="common-header-search-input"]
[2021-03-06 11:51:22]cl_getDriver.py(58): //div[@class="icon--2sY_j common-search--15EUB"]->click_Success
[2021-03-06 11:51:44]cl_getDriver.py(58): //form[@class='dui-form']/div[@class=' groupedfields']/div[@class='dui-list field'][1]/label[@class='item']/input->click_Success
[2021-03-06 11:53:44]cl_getDriver.py(58): //li[@class='section--1itbn'][2]/button[@class='button--laCfj type-primary--2_qVU size-xs--2sO5U size-xs-padding--SsiSC border-radius--3mPQW']/span[@class='text--1zvJD text-no-margin-right--3_FQT']->click_Success
[2021-03-06 11:53:44]cl_getDriver.py(70): send key->//input[@id='loginInner_u']
[2021-03-06 11:53:44]cl_getDriver.py(70): send key->//td[@class='loginBoxValue']/input[@id='loginInner_p']
[2021-03-06 11:53:56]cl_getDriver.py(58): //div[@id='loginInner']/p[1]/input[@class='loginButton']->click_Success
[2021-03-06 11:53:56]cl_getDriver.py(70): send key->//*[@id="common-header-search-input"]
[2021-03-06 11:54:16]cl_getDriver.py(58): //div[@class="icon--2sY_j common-search--15EUB"]->click_Success
[2021-03-06 11:54:38]cl_getDriver.py(58): //form[@class='dui-form']/div[@class=' groupedfields']/div[@class='dui-list field'][1]/label[@class='item']/input->click_Success
[2021-03-06 14:29:45]cl_getDriver.py(58): //li[@class='section--1itbn'][2]/button[@class='button--laCfj type-primary--2_qVU size-xs--2sO5U size-xs-padding--SsiSC border-radius--3mPQW']/span[@class='text--1zvJD text-no-margin-right--3_FQT']->click_Success
[2021-03-06 14:29:45]cl_getDriver.py(70): send key->//input[@id='loginInner_u']
[2021-03-06 14:29:46]cl_getDriver.py(70): send key->//td[@class='loginBoxValue']/input[@id='loginInner_p']
[2021-03-06 14:29:58]cl_getDriver.py(58): //div[@id='loginInner']/p[1]/input[@class='loginButton']->click_Success
[2021-03-06 14:29:58]cl_getDriver.py(70): send key->//*[@id="common-header-search-input"]
[2021-03-06 14:30:19]cl_getDriver.py(58): //div[@class="icon--2sY_j common-search--15EUB"]->click_Success
[2021-03-06 14:30:41]cl_getDriver.py(58): //form[@class='dui-form']/div[@class=' groupedfields']/div[@class='dui-list field'][1]/label[@class='item']/input->click_Success
[2021-03-06 14:34:10]cl_getDriver.py(58): //li[@class='section--1itbn'][2]/button[@class='button--laCfj type-primary--2_qVU size-xs--2sO5U size-xs-padding--SsiSC border-radius--3mPQW']/span[@class='text--1zvJD text-no-margin-right--3_FQT']->click_Success
[2021-03-06 14:34:10]cl_getDriver.py(70): send key->//input[@id='loginInner_u']
[2021-03-06 14:34:10]cl_getDriver.py(70): send key->//td[@class='loginBoxValue']/input[@id='loginInner_p']
[2021-03-06 14:34:22]cl_getDriver.py(58): //div[@id='loginInner']/p[1]/input[@class='loginButton']->click_Success
[2021-03-06 14:34:22]cl_getDriver.py(70): send key->//*[@id="common-header-search-input"]
[2021-03-06 14:34:43]cl_getDriver.py(58): //div[@class="icon--2sY_j common-search--15EUB"]->click_Success
[2021-03-06 14:35:05]cl_getDriver.py(58): //form[@class='dui-form']/div[@class=' groupedfields']/div[@class='dui-list field'][1]/label[@class='item']/input->click_Success
[2021-03-06 14:36:32]cl_getDriver.py(58): //li[@class='section--1itbn'][2]/button[@class='button--laCfj type-primary--2_qVU size-xs--2sO5U size-xs-padding--SsiSC border-radius--3mPQW']/span[@class='text--1zvJD text-no-margin-right--3_FQT']->click_Success
[2021-03-06 14:36:32]cl_getDriver.py(70): send key->//input[@id='loginInner_u']
[2021-03-06 14:36:32]cl_getDriver.py(70): send key->//td[@class='loginBoxValue']/input[@id='loginInner_p']
[2021-03-06 14:36:44]cl_getDriver.py(58): //div[@id='loginInner']/p[1]/input[@class='loginButton']->click_Success
[2021-03-06 14:36:44]cl_getDriver.py(70): send key->//*[@id="common-header-search-input"]
[2021-03-06 14:37:05]cl_getDriver.py(58): //div[@class="icon--2sY_j common-search--15EUB"]->click_Success
[2021-03-06 14:37:28]cl_getDriver.py(58): //form[@class='dui-form']/div[@class=' groupedfields']/div[@class='dui-list field'][1]/label[@class='item']/input->click_Success
[2021-03-06 14:51:42]cl_getDriver.py(58): //li[@class='section--1itbn'][2]/button[@class='button--laCfj type-primary--2_qVU size-xs--2sO5U size-xs-padding--SsiSC border-radius--3mPQW']/span[@class='text--1zvJD text-no-margin-right--3_FQT']->click_Success
[2021-03-06 14:51:42]cl_getDriver.py(70): send key->//input[@id='loginInner_u']
[2021-03-06 14:51:43]cl_getDriver.py(70): send key->//td[@class='loginBoxValue']/input[@id='loginInner_p']
[2021-03-06 14:51:54]cl_getDriver.py(58): //div[@id='loginInner']/p[1]/input[@class='loginButton']->click_Success
[2021-03-06 14:51:54]cl_getDriver.py(70): send key->//*[@id="common-header-search-input"]
[2021-03-06 14:52:15]cl_getDriver.py(58): //div[@class="icon--2sY_j common-search--15EUB"]->click_Success
[2021-03-06 14:52:37]cl_getDriver.py(58): //form[@class='dui-form']/div[@class=' groupedfields']/div[@class='dui-list field'][1]/label[@class='item']/input->click_Success
[2021-03-06 15:06:36]cl_getDriver.py(58): //li[@class='section--1itbn'][2]/button[@class='button--laCfj type-primary--2_qVU size-xs--2sO5U size-xs-padding--SsiSC border-radius--3mPQW']/span[@class='text--1zvJD text-no-margin-right--3_FQT']->click_Success
[2021-03-06 15:06:36]cl_getDriver.py(70): send key->//input[@id='loginInner_u']
[2021-03-06 15:06:36]cl_getDriver.py(70): send key->//td[@class='loginBoxValue']/input[@id='loginInner_p']
[2021-03-06 15:06:48]cl_getDriver.py(58): //div[@id='loginInner']/p[1]/input[@class='loginButton']->click_Success
[2021-03-06 15:06:48]cl_getDriver.py(70): send key->//*[@id="common-header-search-input"]
[2021-03-06 15:07:08]cl_getDriver.py(58): //div[@class="icon--2sY_j common-search--15EUB"]->click_Success
[2021-03-06 15:07:29]cl_getDriver.py(58): //form[@class='dui-form']/div[@class=' groupedfields']/div[@class='dui-list field'][1]/label[@class='item']/input->click_Success
[2021-03-06 15:45:25]cl_getDriver.py(58): //li[@class='section--1itbn'][2]/button[@class='button--laCfj type-primary--2_qVU size-xs--2sO5U size-xs-padding--SsiSC border-radius--3mPQW']/span[@class='text--1zvJD text-no-margin-right--3_FQT']->click_Success
[2021-03-06 15:45:25]cl_getDriver.py(70): send key->//input[@id='loginInner_u']
[2021-03-06 15:45:26]cl_getDriver.py(70): send key->//td[@class='loginBoxValue']/input[@id='loginInner_p']
[2021-03-06 15:45:37]cl_getDriver.py(58): //div[@id='loginInner']/p[1]/input[@class='loginButton']->click_Success
[2021-03-06 15:45:37]cl_getDriver.py(70): send key->//*[@id="common-header-search-input"]
[2021-03-06 15:45:57]cl_getDriver.py(58): //div[@class="icon--2sY_j common-search--15EUB"]->click_Success
[2021-03-06 15:46:19]cl_getDriver.py(58): //form[@class='dui-form']/div[@class=' groupedfields']/div[@class='dui-list field'][1]/label[@class='item']/input->click_Success
